<html>
<body>
<pre>
<h1>礦ision Build Log</h1>
<h2>Project:</h2>
C:\Users\21235\Desktop\谢殿华写的\从机\USER\DHT11.uvprojx
Project File Date:  05/20/2019

<h2>Output:</h2>
Build target 'DHT11'
compiling main.c...
..\HARDWARE\Z19B\z19b.h(15): warning:  #1-D: last line of file ends without a newline
  #endif
..\HARDWARE\MQ135\mq135.h(15): warning:  #1-D: last line of file ends without a newline
  #endif
..\HARDWARE\BH1750\bh1750.h(24): warning:  #1-D: last line of file ends without a newline
  #endif
main.c: 3 warnings, 0 errors
compiling stm32f10x_it.c...
compiling system_stm32f10x.c...
compiling led.c...
compiling dht11.c...
compiling z19b.c...
..\HARDWARE\Z19B\z19b.h(15): warning:  #1-D: last line of file ends without a newline
  #endif
..\HARDWARE\Z19B\z19b.c: 1 warning, 0 errors
compiling mq135.c...
..\HARDWARE\MQ135\mq135.h(15): warning:  #1-D: last line of file ends without a newline
  #endif
..\HARDWARE\MQ135\mq135.c: 1 warning, 0 errors
compiling bh1750.c...
..\HARDWARE\BH1750\bh1750.h(24): warning:  #1-D: last line of file ends without a newline
  #endif
..\HARDWARE\BH1750\bh1750.c(37): warning:  #1-D: last line of file ends without a newline
  //}
..\HARDWARE\BH1750\bh1750.c: 2 warnings, 0 errors
compiling myiic.c...
compiling rs485.c...
compiling delay.c...
compiling sys.c...
compiling usart.c...
compiling core_cm3.c...
assembling startup_stm32f10x_md.s...
compiling misc.c...
compiling stm32f10x_fsmc.c...
compiling stm32f10x_gpio.c...
compiling stm32f10x_rcc.c...
compiling stm32f10x_usart.c...
compiling stm32f10x_adc.c...
linking...
Program Size: Code=8436 RO-data=268 RW-data=76 ZI-data=2108  
FromELF: creating hex file...
"..\OBJ\DHT11.axf" - 0 Error(s), 7 Warning(s).
</pre>
</body>
</html>
