<html>
<body>
<pre>
<h1>礦ision Build Log</h1>
<h2>Tool Versions:</h2>
IDE-Version: μVision V5.28.0.0
Copyright (C) 2019 ARM Ltd and ARM Germany GmbH. All rights reserved.
License Information: w e, w, LIC=32BQD-8LUDK-8F3IE-5T3JN-9IMFA-085DR
 
Tool Versions:
Toolchain:       MDK-ARM Plus  Version: 5.28.0.0
Toolchain Path:  D:\keil5\install\ARM\ARMCC\Bin
C Compiler:      Armcc.exe V5.06 update 6 (build 750)
Assembler:       Armasm.exe V5.06 update 6 (build 750)
Linker/Locator:  ArmLink.exe V5.06 update 6 (build 750)
Library Manager: ArmAr.exe V5.06 update 6 (build 750)
Hex Converter:   FromElf.exe V5.06 update 6 (build 750)
CPU DLL:         SARMCM3.DLL V5.28.0.0
Dialog DLL:      DARMSTM.DLL V1.68.0.0
Target DLL:      Segger\JL2CM3.dll V2.99.36.0
Dialog DLL:      TARMSTM.DLL V1.66.0.0
 
<h2>Project:</h2>
D:\比赛文件\谢殿华写的\主机\USER\RS485.uvprojx
Project File Date:  07/31/2019

<h2>Output:</h2>
*** Using Compiler 'V5.06 update 6 (build 750)', folder: 'D:\keil5\install\ARM\ARMCC\Bin'
Build target 'RS485'
compiling main.c...
..\HARDWARE\USART3\usart3.h(15): warning:  #1-D: last line of file ends without a newline
  #endif
..\HARDWARE\WIFI\wifi.h(41): warning:  #1-D: last line of file ends without a newline
  #endif
..\HARDWARE\HMI\hmi.h(12): warning:  #1-D: last line of file ends without a newline
  #endif
main.c: 3 warnings, 0 errors
linking...
Program Size: Code=11600 RO-data=336 RW-data=124 ZI-data=1924  
FromELF: creating hex file...
"..\OBJ\RS485.axf" - 0 Error(s), 3 Warning(s).

<h2>Software Packages used:</h2>

Package Vendor: Keil
                http://www.keil.com/pack/Keil.STM32F1xx_DFP.1.0.5.pack
                Keil.STM32F1xx_DFP.1.0.5
                STMicroelectronics STM32F1 Series Device Support, Drivers and Examples

<h2>Collection of Component include folders:</h2>
  .\RTE\_RS485
  D:\keil5\pack\Keil\STM32F1xx_DFP\1.0.5\Device\Include

<h2>Collection of Component Files used:</h2>
Build Time Elapsed:  00:00:01
</pre>
</body>
</html>
